<testsuites name="results">
  <testsuite name="all" package="all">
    <property name="random_seed" value="1771447943" />
    <testcase name="test_integrated_boot" classname="test_gateway" file="/Users/fanshenglee/Desktop/noc_prototype/test_gateway.py" lineno="77" time="0.49773597717285156" sim_time_ns="285415.0" ratio_time="573426.5013776215" />
  </testsuite>
</testsuites>